#
# There is insufficient memory for the Java Runtime Environment to continue.
# Native memory allocation (malloc) failed to allocate 1048576 bytes. Error detail: AllocateHeap
# Possible reasons:
#   The system is out of physical RAM or swap space
#   This process is running with CompressedOops enabled, and the Java Heap may be blocking the growth of the native heap
# Possible solutions:
#   Reduce memory load on the system
#   Increase physical memory or swap space
#   Check if swap backing store is full
#   Decrease Java heap size (-Xmx/-Xms)
#   Decrease number of Java threads
#   Decrease Java thread stack sizes (-Xss)
#   Set larger code cache with -XX:ReservedCodeCacheSize=
#   JVM is running with Unscaled Compressed Oops mode in which the Java heap is
#     placed in the first 4GB address space. The Java Heap base address is the
#     maximum limit for the native heap growth. Please use -XX:HeapBaseMinAddress
#     to set the Java Heap base and to place the Java Heap above 4GB virtual address.
# This output file may be truncated or incomplete.
#
#  Out of Memory Error (allocation.cpp:44), pid=24840, tid=13608
#
# JRE version: OpenJDK Runtime Environment Temurin-21.0.11+10 (21.0.11+10) (build 21.0.11+10-LTS)
# Java VM: OpenJDK 64-Bit Server VM Temurin-21.0.11+10 (21.0.11+10-LTS, mixed mode, sharing, tiered, compressed oops, compressed class ptrs, parallel gc, windows-amd64)
# No core dump will be written. Minidumps are not enabled by default on client versions of Windows
#

---------------  S U M M A R Y ------------

Command Line: --add-modules=ALL-SYSTEM --add-opens=java.base/java.util=ALL-UNNAMED --add-opens=java.base/java.lang=ALL-UNNAMED --add-opens=java.base/sun.nio.fs=ALL-UNNAMED -Declipse.application=org.eclipse.jdt.ls.core.id1 -Dosgi.bundles.defaultStartLevel=4 -Declipse.product=org.eclipse.jdt.ls.core.product -Djava.import.generatesMetadataFilesAtProjectRoot=false -DDetectVMInstallationsJob.disabled=true -Dfile.encoding=utf8 -XX:+UseParallelGC -XX:GCTimeRatio=4 -XX:AdaptiveSizePolicyWeight=90 -Dsun.zip.disableMemoryMapping=true -Xmx2G -Xms100m -Xlog:disable -javaagent:c:\Users\dell\.vscode\extensions\redhat.java-1.55.0-win32-x64\lombok\lombok-1.18.39-4050.jar -XX:+HeapDumpOnOutOfMemoryError -XX:HeapDumpPath=c:\Users\dell\AppData\Roaming\Code\User\workspaceStorage\6b09beedab5c242711d4956188aaef4f\redhat.java -Daether.dependencyCollector.impl=bf c:\Users\dell\.vscode\extensions\redhat.java-1.55.0-win32-x64\server\plugins\org.eclipse.equinox.launcher_1.7.200.v20260619-2039.jar -configuration c:\Users\dell\AppData\Roaming\Code\User\globalStorage\redhat.java\1.55.0\config_win -data c:\Users\dell\AppData\Roaming\Code\User\workspaceStorage\6b09beedab5c242711d4956188aaef4f\redhat.java\jdt_ws --pipe=\\.\pipe\lsp-0dafe863571974ee4335884d51e063a9-sock

Host: 11th Gen Intel(R) Core(TM) i3-1115G4 @ 3.00GHz, 4 cores, 7G,  Windows 11 , 64 bit Build 26100 (10.0.26100.8737)
Time: Tue Jul 28 13:50:11 2026 India Standard Time elapsed time: 7652.858697 seconds (0d 2h 7m 32s)

---------------  T H R E A D  ---------------

Current thread (0x000002595e0730b0):  JavaThread "Attach Listener" daemon [_thread_in_vm, id=13608, stack(0x000000a2fe500000,0x000000a2fe600000) (1024K)]

Stack: [0x000000a2fe500000,0x000000a2fe600000]
Native frames: (J=compiled Java code, j=interpreted, Vv=VM code, C=native code)
V  [jvm.dll+0x6d7e19]
V  [jvm.dll+0x8b5096]
V  [jvm.dll+0x8b764e]
V  [jvm.dll+0x8b7d33]
V  [jvm.dll+0x284596]
V  [jvm.dll+0xc13c7]
V  [jvm.dll+0x6d86c9]
V  [jvm.dll+0x133616]
V  [jvm.dll+0x3f868e]
V  [jvm.dll+0x85fb0d]
V  [jvm.dll+0x6d664d]
C  [ucrtbase.dll+0x2cd30]
C  [KERNEL32.DLL+0x2e957]
C  [ntdll.dll+0xaad6c]


---------------  P R O C E S S  ---------------

Threads class SMR info:
_java_thread_list=0x000002597d5b17f0, length=37, elements={
0x000002595e1849a0, 0x000002595e06a650, 0x000002595e06d9e0, 0x000002595e070540,
0x000002595e0730b0, 0x000002595e073b10, 0x000002595e074570, 0x000002595e0773c0,
0x000002595e0f46f0, 0x0000025975845e20, 0x0000025975974130, 0x000002595e0e2010,
0x000002597a0dffb0, 0x000002597a5b1d00, 0x000002597a4b3190, 0x000002597a64b210,
0x000002597a8113d0, 0x000002597a7d4b90, 0x0000025975a57a20, 0x000002597cab2680,
0x000002597cab3a30, 0x000002597cab4750, 0x000002597cab4de0, 0x000002597cab5470,
0x000002597cab2d10, 0x000002597cab1ff0, 0x000002597cab6190, 0x000002597cab6eb0,
0x000002597c26a270, 0x000002597c268ec0, 0x000002597ab91860, 0x000002597ab911d0,
0x000002597ab8f790, 0x000002597ab96090, 0x000002597ab96720, 0x000002597ab94650,
0x000002597ab93930
}

Java Threads: ( => current thread )
  0x000002595e1849a0 JavaThread "main"                              [_thread_blocked, id=16680, stack(0x000000a2fde00000,0x000000a2fdf00000) (1024K)]
  0x000002595e06a650 JavaThread "Reference Handler"          daemon [_thread_blocked, id=13324, stack(0x000000a2fe200000,0x000000a2fe300000) (1024K)]
  0x000002595e06d9e0 JavaThread "Finalizer"                  daemon [_thread_blocked, id=22824, stack(0x000000a2fe300000,0x000000a2fe400000) (1024K)]
  0x000002595e070540 JavaThread "Signal Dispatcher"          daemon [_thread_blocked, id=22044, stack(0x000000a2fe400000,0x000000a2fe500000) (1024K)]
=>0x000002595e0730b0 JavaThread "Attach Listener"            daemon [_thread_in_vm, id=13608, stack(0x000000a2fe500000,0x000000a2fe600000) (1024K)]
  0x000002595e073b10 JavaThread "Service Thread"             daemon [_thread_blocked, id=4320, stack(0x000000a2fe600000,0x000000a2fe700000) (1024K)]
  0x000002595e074570 JavaThread "Monitor Deflation Thread"   daemon [_thread_blocked, id=12492, stack(0x000000a2fe700000,0x000000a2fe800000) (1024K)]
  0x000002595e0773c0 JavaThread "C2 CompilerThread0"         daemon [_thread_blocked, id=9828, stack(0x000000a2fe800000,0x000000a2fe900000) (1024K)]
  0x000002595e0f46f0 JavaThread "C1 CompilerThread0"         daemon [_thread_blocked, id=19004, stack(0x000000a2fe900000,0x000000a2fea00000) (1024K)]
  0x0000025975845e20 JavaThread "Common-Cleaner"             daemon [_thread_blocked, id=11036, stack(0x000000a2fea00000,0x000000a2feb00000) (1024K)]
  0x0000025975974130 JavaThread "Notification Thread"        daemon [_thread_blocked, id=14680, stack(0x000000a2feb00000,0x000000a2fec00000) (1024K)]
  0x000002595e0e2010 JavaThread "Active Thread: Equinox Container: de192afa-97f8-4244-bc3c-27eac6a7dbe4"        [_thread_blocked, id=2364, stack(0x000000a2fef00000,0x000000a2ff000000) (1024K)]
  0x000002597a0dffb0 JavaThread "Refresh Thread: Equinox Container: de192afa-97f8-4244-bc3c-27eac6a7dbe4" daemon [_thread_blocked, id=10028, stack(0x000000a2ff000000,0x000000a2ff100000) (1024K)]
  0x000002597a5b1d00 JavaThread "Framework Event Dispatcher: Equinox Container: de192afa-97f8-4244-bc3c-27eac6a7dbe4" daemon [_thread_blocked, id=24052, stack(0x000000a2ff100000,0x000000a2ff200000) (1024K)]
  0x000002597a4b3190 JavaThread "Start Level: Equinox Container: de192afa-97f8-4244-bc3c-27eac6a7dbe4" daemon [_thread_blocked, id=16188, stack(0x000000a2ff200000,0x000000a2ff300000) (1024K)]
  0x000002597a64b210 JavaThread "Bundle File Closer"         daemon [_thread_blocked, id=12312, stack(0x000000a2ff400000,0x000000a2ff500000) (1024K)]
  0x000002597a8113d0 JavaThread "SCR Component Actor"        daemon [_thread_blocked, id=11532, stack(0x000000a2ff300000,0x000000a2ff400000) (1024K)]
  0x000002597a7d4b90 JavaThread "Worker-JM"                         [_thread_blocked, id=17468, stack(0x000000a2ff500000,0x000000a2ff600000) (1024K)]
  0x0000025975a57a20 JavaThread "JNA Cleaner"                daemon [_thread_blocked, id=3724, stack(0x000000a2ff600000,0x000000a2ff700000) (1024K)]
  0x000002597cab2680 JavaThread "Java indexing"              daemon [_thread_blocked, id=2512, stack(0x000000a2ff900000,0x000000a2ffa00000) (1024K)]
  0x000002597cab3a30 JavaThread "Thread-1"                   daemon [_thread_in_native, id=10536, stack(0x000000a2ffd00000,0x000000a2ffe00000) (1024K)]
  0x000002597cab4750 JavaThread "Thread-2"                   daemon [_thread_in_native, id=3344, stack(0x000000a2ffe00000,0x000000a2fff00000) (1024K)]
  0x000002597cab4de0 JavaThread "Thread-3"                   daemon [_thread_in_native, id=21644, stack(0x000000a2fff00000,0x000000a300000000) (1024K)]
  0x000002597cab5470 JavaThread "Thread-4"                   daemon [_thread_in_native, id=23128, stack(0x000000a280000000,0x000000a280100000) (1024K)]
  0x000002597cab2d10 JavaThread "Thread-5"                   daemon [_thread_in_native, id=14200, stack(0x000000a280100000,0x000000a280200000) (1024K)]
  0x000002597cab1ff0 JavaThread "pool-2-thread-1"                   [_thread_blocked, id=25416, stack(0x000000a280200000,0x000000a280300000) (1024K)]
  0x000002597cab6190 JavaThread "WorkspaceEventsHandler"            [_thread_blocked, id=9204, stack(0x000000a280500000,0x000000a280600000) (1024K)]
  0x000002597cab6eb0 JavaThread "pool-1-thread-1"                   [_thread_blocked, id=23232, stack(0x000000a280600000,0x000000a280700000) (1024K)]
  0x000002597c26a270 JavaThread "Cleaner-0"                  daemon [_thread_blocked, id=24848, stack(0x000000a281200000,0x000000a281300000) (1024K)]
  0x000002597c268ec0 JavaThread "Worker-15"                         [_thread_blocked, id=672, stack(0x000000a280400000,0x000000a280500000) (1024K)]
  0x000002597ab91860 JavaThread "ForkJoinPool.commonPool-worker-24" daemon [_thread_blocked, id=6788, stack(0x000000a280300000,0x000000a280400000) (1024K)]
  0x000002597ab911d0 JavaThread "Compiler Source File Reader" daemon [_thread_blocked, id=19752, stack(0x000000a280800000,0x000000a280900000) (1024K)]
  0x000002597ab8f790 JavaThread "Compiler Source File Reader" daemon [_thread_blocked, id=25208, stack(0x000000a280d00000,0x000000a280e00000) (1024K)]
  0x000002597ab96090 JavaThread "PatternSearchJob-worker-11" daemon [_thread_blocked, id=20380, stack(0x000000a280e00000,0x000000a280f00000) (1024K)]
  0x000002597ab96720 JavaThread "PatternSearchJob-worker-12" daemon [_thread_blocked, id=2556, stack(0x000000a280f00000,0x000000a281000000) (1024K)]
  0x000002597ab94650 JavaThread "Worker-19"                         [_thread_blocked, id=6476, stack(0x000000a280900000,0x000000a280a00000) (1024K)]
  0x000002597ab93930 JavaThread "PatternSearchJob-worker-13" daemon [_thread_blocked, id=19308, stack(0x000000a281000000,0x000000a281100000) (1024K)]
Total: 37

Other Threads:
  0x000002595be0eb00 VMThread "VM Thread"                           [id=14744, stack(0x000000a2fe100000,0x000000a2fe200000) (1024K)]
  0x000002595e1f09b0 WatcherThread "VM Periodic Task Thread"        [id=17664, stack(0x000000a2fe000000,0x000000a2fe100000) (1024K)]
  0x000002595e1a1f10 WorkerThread "GC Thread#0"                     [id=9472, stack(0x000000a2fdf00000,0x000000a2fe000000) (1024K)]
  0x00000259759ba070 WorkerThread "GC Thread#1"                     [id=23328, stack(0x000000a2fec00000,0x000000a2fed00000) (1024K)]
  0x000002597a1cedf0 WorkerThread "GC Thread#2"                     [id=23800, stack(0x000000a2fed00000,0x000000a2fee00000) (1024K)]
  0x000002597a40dc30 WorkerThread "GC Thread#3"                     [id=520, stack(0x000000a2fee00000,0x000000a2fef00000) (1024K)]
Total: 6

Threads with active compile tasks:
Total: 0

VM state: not at safepoint (normal execution)

VM Mutex/Monitor currently owned by a thread: None

Heap address: 0x0000000080000000, size: 2048 MB, Compressed Oops mode: 32-bit

CDS archive(s) mapped at: [0x0000025900000000-0x0000025900ba0000-0x0000025900ba0000), size 12189696, SharedBaseAddress: 0x0000025900000000, ArchiveRelocationMode: 1.
Compressed class space mapped at: 0x0000025901000000-0x0000025941000000, reserved size: 1073741824
Narrow klass base: 0x0000025900000000, Narrow klass shift: 0, Narrow klass range: 0x100000000

GC Precious Log:
 CardTable entry size: 512
 CPUs: 4 total, 4 available
 Memory: 7926M
 Large Page Support: Disabled
 NUMA Support: Disabled
 Compressed Oops: Enabled (32-bit)
 Alignments: Space 512K, Generation 512K, Heap 2M
 Heap Min Capacity: 100M
 Heap Initial Capacity: 100M
 Heap Max Capacity: 2G
 Pre-touch: Disabled
 Parallel Workers: 4

Heap:
 PSYoungGen      total 4608K, used 2330K [0x00000000d5580000, 0x00000000d5c80000, 0x0000000100000000)
  eden space 4096K, 53% used [0x00000000d5580000,0x00000000d57a6888,0x00000000d5980000)
  from space 512K, 25% used [0x00000000d5b80000,0x00000000d5ba0000,0x00000000d5c00000)
  to   space 512K, 0% used [0x00000000d5c00000,0x00000000d5c00000,0x00000000d5c80000)
 ParOldGen       total 570368K, used 570299K [0x0000000080000000, 0x00000000a2d00000, 0x00000000d5580000)
  object space 570368K, 99% used [0x0000000080000000,0x00000000a2ceef40,0x00000000a2d00000)
 Metaspace       used 91046K, committed 92800K, reserved 1179648K
  class space    used 9434K, committed 10240K, reserved 1048576K

Card table byte_map: [0x000002595db20000,0x000002595df30000] _byte_map_base: 0x000002595d720000

Marking Bits: (ParMarkBitMap*) 0x00007ffdb5f04460
 Begin Bits: [0x0000025970630000, 0x0000025972630000)
 End Bits:   [0x0000025972630000, 0x0000025974630000)

Polling page: 0x000002595bf20000

Metaspace:

Usage:
  Non-class:     79.70 MB used.
      Class:      9.21 MB used.
       Both:     88.91 MB used.

Virtual space:
  Non-class space:      128.00 MB reserved,      80.62 MB ( 63%) committed,  2 nodes.
      Class space:        1.00 GB reserved,      10.00 MB ( <1%) committed,  1 nodes.
             Both:        1.12 GB reserved,      90.62 MB (  8%) committed. 

Chunk freelists:
   Non-Class:  15.31 MB
       Class:  6.04 MB
        Both:  21.35 MB

MaxMetaspaceSize: unlimited
CompressedClassSpaceSize: 1.00 GB
Initial GC threshold: 21.00 MB
Current GC threshold: 138.44 MB
CDS: on
 - commit_granule_bytes: 65536.
 - commit_granule_words: 8192.
 - virtual_space_node_default_size: 8388608.
 - enlarge_chunks_in_place: 1.
 - use_allocation_guard: 0.


Internal statistics:

num_allocs_failed_limit: 9.
num_arena_births: 1836.
num_arena_deaths: 390.
num_vsnodes_births: 3.
num_vsnodes_deaths: 0.
num_space_committed: 1451.
num_space_uncommitted: 1.
num_chunks_returned_to_freelist: 487.
num_chunks_taken_from_freelist: 6561.
num_chunk_merges: 127.
num_chunk_splits: 3775.
num_chunks_enlarged: 2052.
num_inconsistent_stats: 0.

CodeHeap 'non-profiled nmethods': size=120000Kb used=16995Kb max_used=17004Kb free=103004Kb
 bounds [0x0000025968e50000, 0x0000025969ef0000, 0x0000025970380000]
CodeHeap 'profiled nmethods': size=120000Kb used=42630Kb max_used=44076Kb free=77369Kb
 bounds [0x0000025961380000, 0x0000025963e90000, 0x00000259688b0000]
CodeHeap 'non-nmethods': size=5760Kb used=1524Kb max_used=1583Kb free=4235Kb
 bounds [0x00000259688b0000, 0x0000025968b20000, 0x0000025968e50000]
CodeCache: size=245760Kb, used=61149Kb, max_used=62663Kb, free=184608Kb
 total_blobs=18673, nmethods=17837, adapters=738, full_count=0
Compilation: enabled, stopped_count=0, restarted_count=0

Compilation events (20 events):
Event: 7516.183 Thread 0x000002595e0773c0 22261       4       org.eclipse.jdt.internal.compiler.util.Util::isClassFileName (73 bytes)
Event: 7516.185 Thread 0x000002595e0f46f0 22262       3       org.eclipse.jdt.core.dom.ASTVisitor::endVisit (1 bytes)
Event: 7516.189 Thread 0x000002595e0f46f0 nmethod 22262 0x00000259631e3290 code [0x00000259631e3420, 0x00000259631e3528]
Event: 7516.191 Thread 0x000002595e0773c0 nmethod 22261 0x000002596996c210 code [0x000002596996c3a0, 0x000002596996c578]
Event: 7516.325 Thread 0x000002595e0f46f0 22263       3       org.eclipse.jdt.core.dom.ASTVisitor::endVisit (1 bytes)
Event: 7516.328 Thread 0x000002595e0f46f0 nmethod 22263 0x0000025963255c10 code [0x0000025963255da0, 0x0000025963255ea8]
Event: 7516.328 Thread 0x000002595e0f46f0 22265       3       org.eclipse.jdt.core.dom.VariableDeclarationStatement::accept0 (54 bytes)
Event: 7516.359 Thread 0x000002595e0f46f0 nmethod 22265 0x0000025962b6c710 code [0x0000025962b6c920, 0x0000025962b6cde0]
Event: 7516.359 Thread 0x000002595e0f46f0 22264       3       org.eclipse.jdt.core.dom.ASTVisitor::endVisit (1 bytes)
Event: 7516.362 Thread 0x000002595e0f46f0 nmethod 22264 0x0000025963295210 code [0x00000259632953a0, 0x00000259632954a8]
Event: 7518.570 Thread 0x000002595e0f46f0 22266       3       org.eclipse.osgi.storage.Storage::isReadOnly (10 bytes)
Event: 7518.581 Thread 0x000002595e0f46f0 nmethod 22266 0x0000025962b6c310 code [0x0000025962b6c4c0, 0x0000025962b6c640]
Event: 7519.286 Thread 0x000002595e0773c0 22267       4       org.eclipse.jdt.core.dom.ASTNode$NodeList::get (9 bytes)
Event: 7519.348 Thread 0x000002595e0773c0 nmethod 22267 0x000002596996be10 code [0x000002596996bfa0, 0x000002596996c0d8]
Event: 7602.020 Thread 0x000002595e0f46f0 22268       3       java.util.logging.Logger::getLogger (8 bytes)
Event: 7602.045 Thread 0x000002595e0f46f0 nmethod 22268 0x0000025962b6be90 code [0x0000025962b6c060, 0x0000025962b6c220]
Event: 7602.045 Thread 0x000002595e0f46f0 22269       3       java.util.logging.Logger::getLogger (7 bytes)
Event: 7602.045 Thread 0x000002595e0f46f0 nmethod 22269 0x00000259615fcb10 code [0x00000259615fccc0, 0x00000259615fcde8]
Event: 7602.045 Thread 0x000002595e0f46f0 22270       3       java.util.logging.Logger::demandLogger (36 bytes)
Event: 7602.085 Thread 0x000002595e0f46f0 nmethod 22270 0x0000025962b6ad10 code [0x0000025962b6afa0, 0x0000025962b6ba50]

GC Heap History (20 events):
Event: 7424.322 GC heap before
{Heap before GC invocations=2543 (full 5):
 PSYoungGen      total 3072K, used 3072K [0x00000000d5580000, 0x00000000d5d80000, 0x0000000100000000)
  eden space 2048K, 100% used [0x00000000d5580000,0x00000000d5780000,0x00000000d5780000)
  from space 1024K, 100% used [0x00000000d5800000,0x00000000d5900000,0x00000000d5900000)
  to   space 3072K, 0% used [0x00000000d5a80000,0x00000000d5a80000,0x00000000d5d80000)
 ParOldGen       total 563712K, used 563563K [0x0000000080000000, 0x00000000a2680000, 0x00000000d5580000)
  object space 563712K, 99% used [0x0000000080000000,0x00000000a265acf0,0x00000000a2680000)
 Metaspace       used 90955K, committed 92736K, reserved 1179648K
  class space    used 9433K, committed 10240K, reserved 1048576K
}
Event: 7424.329 GC heap after
{Heap after GC invocations=2543 (full 5):
 PSYoungGen      total 4096K, used 1504K [0x00000000d5580000, 0x00000000d5c00000, 0x0000000100000000)
  eden space 2560K, 0% used [0x00000000d5580000,0x00000000d5580000,0x00000000d5800000)
  from space 1536K, 97% used [0x00000000d5a80000,0x00000000d5bf8000,0x00000000d5c00000)
  to   space 2048K, 0% used [0x00000000d5800000,0x00000000d5800000,0x00000000d5a00000)
 ParOldGen       total 564736K, used 564579K [0x0000000080000000, 0x00000000a2780000, 0x00000000d5580000)
  object space 564736K, 99% used [0x0000000080000000,0x00000000a2758cf0,0x00000000a2780000)
 Metaspace       used 90955K, committed 92736K, reserved 1179648K
  class space    used 9433K, committed 10240K, reserved 1048576K
}
Event: 7424.344 GC heap before
{Heap before GC invocations=2544 (full 5):
 PSYoungGen      total 4096K, used 4064K [0x00000000d5580000, 0x00000000d5c00000, 0x0000000100000000)
  eden space 2560K, 100% used [0x00000000d5580000,0x00000000d5800000,0x00000000d5800000)
  from space 1536K, 97% used [0x00000000d5a80000,0x00000000d5bf8000,0x00000000d5c00000)
  to   space 2048K, 0% used [0x00000000d5800000,0x00000000d5800000,0x00000000d5a00000)
 ParOldGen       total 564736K, used 564579K [0x0000000080000000, 0x00000000a2780000, 0x00000000d5580000)
  object space 564736K, 99% used [0x0000000080000000,0x00000000a2758cf0,0x00000000a2780000)
 Metaspace       used 90956K, committed 92736K, reserved 1179648K
  class space    used 9433K, committed 10240K, reserved 1048576K
}
Event: 7424.350 GC heap after
{Heap after GC invocations=2544 (full 5):
 PSYoungGen      total 4608K, used 2046K [0x00000000d5580000, 0x00000000d6080000, 0x0000000100000000)
  eden space 2560K, 0% used [0x00000000d5580000,0x00000000d5580000,0x00000000d5800000)
  from space 2048K, 99% used [0x00000000d5800000,0x00000000d59ff950,0x00000000d5a00000)
  to   space 4096K, 0% used [0x00000000d5c80000,0x00000000d5c80000,0x00000000d6080000)
 ParOldGen       total 566272K, used 566200K [0x0000000080000000, 0x00000000a2900000, 0x00000000d5580000)
  object space 566272K, 99% used [0x0000000080000000,0x00000000a28ee170,0x00000000a2900000)
 Metaspace       used 90956K, committed 92736K, reserved 1179648K
  class space    used 9433K, committed 10240K, reserved 1048576K
}
Event: 7424.366 GC heap before
{Heap before GC invocations=2545 (full 5):
 PSYoungGen      total 4608K, used 4606K [0x00000000d5580000, 0x00000000d6080000, 0x0000000100000000)
  eden space 2560K, 100% used [0x00000000d5580000,0x00000000d5800000,0x00000000d5800000)
  from space 2048K, 99% used [0x00000000d5800000,0x00000000d59ff950,0x00000000d5a00000)
  to   space 4096K, 0% used [0x00000000d5c80000,0x00000000d5c80000,0x00000000d6080000)
 ParOldGen       total 566272K, used 566200K [0x0000000080000000, 0x00000000a2900000, 0x00000000d5580000)
  object space 566272K, 99% used [0x0000000080000000,0x00000000a28ee170,0x00000000a2900000)
 Metaspace       used 90957K, committed 92736K, reserved 1179648K
  class space    used 9433K, committed 10240K, reserved 1048576K
}
Event: 7424.372 GC heap after
{Heap after GC invocations=2545 (full 5):
 PSYoungGen      total 5120K, used 1792K [0x00000000d5580000, 0x00000000d5e80000, 0x0000000100000000)
  eden space 3072K, 0% used [0x00000000d5580000,0x00000000d5580000,0x00000000d5880000)
  from space 2048K, 87% used [0x00000000d5c80000,0x00000000d5e40000,0x00000000d5e80000)
  to   space 2560K, 0% used [0x00000000d5980000,0x00000000d5980000,0x00000000d5c00000)
 ParOldGen       total 568320K, used 568278K [0x0000000080000000, 0x00000000a2b00000, 0x00000000d5580000)
  object space 568320K, 99% used [0x0000000080000000,0x00000000a2af5ac0,0x00000000a2b00000)
 Metaspace       used 90957K, committed 92736K, reserved 1179648K
  class space    used 9433K, committed 10240K, reserved 1048576K
}
Event: 7424.395 GC heap before
{Heap before GC invocations=2546 (full 5):
 PSYoungGen      total 5120K, used 4864K [0x00000000d5580000, 0x00000000d5e80000, 0x0000000100000000)
  eden space 3072K, 100% used [0x00000000d5580000,0x00000000d5880000,0x00000000d5880000)
  from space 2048K, 87% used [0x00000000d5c80000,0x00000000d5e40000,0x00000000d5e80000)
  to   space 2560K, 0% used [0x00000000d5980000,0x00000000d5980000,0x00000000d5c00000)
 ParOldGen       total 568320K, used 568278K [0x0000000080000000, 0x00000000a2b00000, 0x00000000d5580000)
  object space 568320K, 99% used [0x0000000080000000,0x00000000a2af5ac0,0x00000000a2b00000)
 Metaspace       used 90960K, committed 92736K, reserved 1179648K
  class space    used 9433K, committed 10240K, reserved 1048576K
}
Event: 7424.403 GC heap after
{Heap after GC invocations=2546 (full 5):
 PSYoungGen      total 6656K, used 2238K [0x00000000d5580000, 0x00000000d5e80000, 0x0000000100000000)
  eden space 4096K, 0% used [0x00000000d5580000,0x00000000d5580000,0x00000000d5980000)
  from space 2560K, 87% used [0x00000000d5980000,0x00000000d5baf950,0x00000000d5c00000)
  to   space 2560K, 0% used [0x00000000d5c00000,0x00000000d5c00000,0x00000000d5e80000)
 ParOldGen       total 569856K, used 569726K [0x0000000080000000, 0x00000000a2c80000, 0x00000000d5580000)
  object space 569856K, 99% used [0x0000000080000000,0x00000000a2c5fac0,0x00000000a2c80000)
 Metaspace       used 90960K, committed 92736K, reserved 1179648K
  class space    used 9433K, committed 10240K, reserved 1048576K
}
Event: 7441.369 GC heap before
{Heap before GC invocations=2547 (full 5):
 PSYoungGen      total 6656K, used 6334K [0x00000000d5580000, 0x00000000d5e80000, 0x0000000100000000)
  eden space 4096K, 99% used [0x00000000d5580000,0x00000000d597ffb0,0x00000000d5980000)
  from space 2560K, 87% used [0x00000000d5980000,0x00000000d5baf950,0x00000000d5c00000)
  to   space 2560K, 0% used [0x00000000d5c00000,0x00000000d5c00000,0x00000000d5e80000)
 ParOldGen       total 569856K, used 569726K [0x0000000080000000, 0x00000000a2c80000, 0x00000000d5580000)
  object space 569856K, 99% used [0x0000000080000000,0x00000000a2c5fac0,0x00000000a2c80000)
 Metaspace       used 90989K, committed 92800K, reserved 1179648K
  class space    used 9433K, committed 10240K, reserved 1048576K
}
Event: 7441.379 GC heap after
{Heap after GC invocations=2547 (full 5):
 PSYoungGen      total 4608K, used 128K [0x00000000d5580000, 0x00000000d5c80000, 0x0000000100000000)
  eden space 4096K, 0% used [0x00000000d5580000,0x00000000d5580000,0x00000000d5980000)
  from space 512K, 25% used [0x00000000d5c00000,0x00000000d5c20000,0x00000000d5c80000)
  to   space 1024K, 0% used [0x00000000d5a80000,0x00000000d5a80000,0x00000000d5b80000)
 ParOldGen       total 569856K, used 569758K [0x0000000080000000, 0x00000000a2c80000, 0x00000000d5580000)
  object space 569856K, 99% used [0x0000000080000000,0x00000000a2c67ac0,0x00000000a2c80000)
 Metaspace       used 90989K, committed 92800K, reserved 1179648K
  class space    used 9433K, committed 10240K, reserved 1048576K
}
Event: 7451.544 GC heap before
{Heap before GC invocations=2548 (full 5):
 PSYoungGen      total 4608K, used 4223K [0x00000000d5580000, 0x00000000d5c80000, 0x0000000100000000)
  eden space 4096K, 99% used [0x00000000d5580000,0x00000000d597fff0,0x00000000d5980000)
  from space 512K, 25% used [0x00000000d5c00000,0x00000000d5c20000,0x00000000d5c80000)
  to   space 1024K, 0% used [0x00000000d5a80000,0x00000000d5a80000,0x00000000d5b80000)
 ParOldGen       total 569856K, used 569758K [0x0000000080000000, 0x00000000a2c80000, 0x00000000d5580000)
  object space 569856K, 99% used [0x0000000080000000,0x00000000a2c67ac0,0x00000000a2c80000)
 Metaspace       used 91020K, committed 92800K, reserved 1179648K
  class space    used 9434K, committed 10240K, reserved 1048576K
}
Event: 7451.554 GC heap after
{Heap after GC invocations=2548 (full 5):
 PSYoungGen      total 5120K, used 128K [0x00000000d5580000, 0x00000000d5c80000, 0x0000000100000000)
  eden space 4096K, 0% used [0x00000000d5580000,0x00000000d5580000,0x00000000d5980000)
  from space 1024K, 12% used [0x00000000d5a80000,0x00000000d5aa0000,0x00000000d5b80000)
  to   space 512K, 0% used [0x00000000d5c00000,0x00000000d5c00000,0x00000000d5c80000)
 ParOldGen       total 569856K, used 569782K [0x0000000080000000, 0x00000000a2c80000, 0x00000000d5580000)
  object space 569856K, 99% used [0x0000000080000000,0x00000000a2c6dac0,0x00000000a2c80000)
 Metaspace       used 91020K, committed 92800K, reserved 1179648K
  class space    used 9434K, committed 10240K, reserved 1048576K
}
Event: 7465.446 GC heap before
{Heap before GC invocations=2549 (full 5):
 PSYoungGen      total 5120K, used 4224K [0x00000000d5580000, 0x00000000d5c80000, 0x0000000100000000)
  eden space 4096K, 100% used [0x00000000d5580000,0x00000000d5980000,0x00000000d5980000)
  from space 1024K, 12% used [0x00000000d5a80000,0x00000000d5aa0000,0x00000000d5b80000)
  to   space 512K, 0% used [0x00000000d5c00000,0x00000000d5c00000,0x00000000d5c80000)
 ParOldGen       total 569856K, used 569782K [0x0000000080000000, 0x00000000a2c80000, 0x00000000d5580000)
  object space 569856K, 99% used [0x0000000080000000,0x00000000a2c6dac0,0x00000000a2c80000)
 Metaspace       used 91026K, committed 92800K, reserved 1179648K
  class space    used 9434K, committed 10240K, reserved 1048576K
}
Event: 7465.453 GC heap after
{Heap after GC invocations=2549 (full 5):
 PSYoungGen      total 4608K, used 96K [0x00000000d5580000, 0x00000000d5c80000, 0x0000000100000000)
  eden space 4096K, 0% used [0x00000000d5580000,0x00000000d5580000,0x00000000d5980000)
  from space 512K, 18% used [0x00000000d5c00000,0x00000000d5c18000,0x00000000d5c80000)
  to   space 512K, 0% used [0x00000000d5b80000,0x00000000d5b80000,0x00000000d5c00000)
 ParOldGen       total 569856K, used 569798K [0x0000000080000000, 0x00000000a2c80000, 0x00000000d5580000)
  object space 569856K, 99% used [0x0000000080000000,0x00000000a2c71ac0,0x00000000a2c80000)
 Metaspace       used 91026K, committed 92800K, reserved 1179648K
  class space    used 9434K, committed 10240K, reserved 1048576K
}
Event: 7497.948 GC heap before
{Heap before GC invocations=2550 (full 5):
 PSYoungGen      total 4608K, used 4192K [0x00000000d5580000, 0x00000000d5c80000, 0x0000000100000000)
  eden space 4096K, 100% used [0x00000000d5580000,0x00000000d5980000,0x00000000d5980000)
  from space 512K, 18% used [0x00000000d5c00000,0x00000000d5c18000,0x00000000d5c80000)
  to   space 512K, 0% used [0x00000000d5b80000,0x00000000d5b80000,0x00000000d5c00000)
 ParOldGen       total 569856K, used 569798K [0x0000000080000000, 0x00000000a2c80000, 0x00000000d5580000)
  object space 569856K, 99% used [0x0000000080000000,0x00000000a2c71ac0,0x00000000a2c80000)
 Metaspace       used 91044K, committed 92800K, reserved 1179648K
  class space    used 9434K, committed 10240K, reserved 1048576K
}
Event: 7497.982 GC heap after
{Heap after GC invocations=2550 (full 5):
 PSYoungGen      total 4608K, used 416K [0x00000000d5580000, 0x00000000d5c80000, 0x0000000100000000)
  eden space 4096K, 0% used [0x00000000d5580000,0x00000000d5580000,0x00000000d5980000)
  from space 512K, 81% used [0x00000000d5b80000,0x00000000d5be8000,0x00000000d5c00000)
  to   space 512K, 0% used [0x00000000d5c00000,0x00000000d5c00000,0x00000000d5c80000)
 ParOldGen       total 569856K, used 569814K [0x0000000080000000, 0x00000000a2c80000, 0x00000000d5580000)
  object space 569856K, 99% used [0x0000000080000000,0x00000000a2c75ac0,0x00000000a2c80000)
 Metaspace       used 91044K, committed 92800K, reserved 1179648K
  class space    used 9434K, committed 10240K, reserved 1048576K
}
Event: 7498.248 GC heap before
{Heap before GC invocations=2551 (full 5):
 PSYoungGen      total 4608K, used 4511K [0x00000000d5580000, 0x00000000d5c80000, 0x0000000100000000)
  eden space 4096K, 99% used [0x00000000d5580000,0x00000000d597ff48,0x00000000d5980000)
  from space 512K, 81% used [0x00000000d5b80000,0x00000000d5be8000,0x00000000d5c00000)
  to   space 512K, 0% used [0x00000000d5c00000,0x00000000d5c00000,0x00000000d5c80000)
 ParOldGen       total 569856K, used 569814K [0x0000000080000000, 0x00000000a2c80000, 0x00000000d5580000)
  object space 569856K, 99% used [0x0000000080000000,0x00000000a2c75ac0,0x00000000a2c80000)
 Metaspace       used 91044K, committed 92800K, reserved 1179648K
  class space    used 9434K, committed 10240K, reserved 1048576K
}
Event: 7498.253 GC heap after
{Heap after GC invocations=2551 (full 5):
 PSYoungGen      total 4608K, used 192K [0x00000000d5580000, 0x00000000d5c80000, 0x0000000100000000)
  eden space 4096K, 0% used [0x00000000d5580000,0x00000000d5580000,0x00000000d5980000)
  from space 512K, 37% used [0x00000000d5c00000,0x00000000d5c30000,0x00000000d5c80000)
  to   space 512K, 0% used [0x00000000d5b80000,0x00000000d5b80000,0x00000000d5c00000)
 ParOldGen       total 570368K, used 570139K [0x0000000080000000, 0x00000000a2d00000, 0x00000000d5580000)
  object space 570368K, 99% used [0x0000000080000000,0x00000000a2cc6f40,0x00000000a2d00000)
 Metaspace       used 91044K, committed 92800K, reserved 1179648K
  class space    used 9434K, committed 10240K, reserved 1048576K
}
Event: 7506.186 GC heap before
{Heap before GC invocations=2552 (full 5):
 PSYoungGen      total 4608K, used 4288K [0x00000000d5580000, 0x00000000d5c80000, 0x0000000100000000)
  eden space 4096K, 100% used [0x00000000d5580000,0x00000000d5980000,0x00000000d5980000)
  from space 512K, 37% used [0x00000000d5c00000,0x00000000d5c30000,0x00000000d5c80000)
  to   space 512K, 0% used [0x00000000d5b80000,0x00000000d5b80000,0x00000000d5c00000)
 ParOldGen       total 570368K, used 570139K [0x0000000080000000, 0x00000000a2d00000, 0x00000000d5580000)
  object space 570368K, 99% used [0x0000000080000000,0x00000000a2cc6f40,0x00000000a2d00000)
 Metaspace       used 91044K, committed 92800K, reserved 1179648K
  class space    used 9434K, committed 10240K, reserved 1048576K
}
Event: 7506.191 GC heap after
{Heap after GC invocations=2552 (full 5):
 PSYoungGen      total 4608K, used 128K [0x00000000d5580000, 0x00000000d5c80000, 0x0000000100000000)
  eden space 4096K, 0% used [0x00000000d5580000,0x00000000d5580000,0x00000000d5980000)
  from space 512K, 25% used [0x00000000d5b80000,0x00000000d5ba0000,0x00000000d5c00000)
  to   space 512K, 0% used [0x00000000d5c00000,0x00000000d5c00000,0x00000000d5c80000)
 ParOldGen       total 570368K, used 570299K [0x0000000080000000, 0x00000000a2d00000, 0x00000000d5580000)
  object space 570368K, 99% used [0x0000000080000000,0x00000000a2ceef40,0x00000000a2d00000)
 Metaspace       used 91044K, committed 92800K, reserved 1179648K
  class space    used 9434K, committed 10240K, reserved 1048576K
}

Dll operation events (12 events):
Event: 0.068 Loaded shared library c:\Users\dell\.vscode\extensions\redhat.java-1.55.0-win32-x64\jre\21.0.11-win32-x86_64\bin\java.dll
Event: 0.824 Loaded shared library c:\Users\dell\.vscode\extensions\redhat.java-1.55.0-win32-x64\jre\21.0.11-win32-x86_64\bin\zip.dll
Event: 0.944 Loaded shared library C:\Users\dell\.vscode\extensions\redhat.java-1.55.0-win32-x64\jre\21.0.11-win32-x86_64\bin\instrument.dll
Event: 0.957 Loaded shared library C:\Users\dell\.vscode\extensions\redhat.java-1.55.0-win32-x64\jre\21.0.11-win32-x86_64\bin\net.dll
Event: 0.963 Loaded shared library C:\Users\dell\.vscode\extensions\redhat.java-1.55.0-win32-x64\jre\21.0.11-win32-x86_64\bin\nio.dll
Event: 0.975 Loaded shared library C:\Users\dell\.vscode\extensions\redhat.java-1.55.0-win32-x64\jre\21.0.11-win32-x86_64\bin\zip.dll
Event: 1.186 Loaded shared library C:\Users\dell\.vscode\extensions\redhat.java-1.55.0-win32-x64\jre\21.0.11-win32-x86_64\bin\jimage.dll
Event: 1.870 Loaded shared library c:\Users\dell\.vscode\extensions\redhat.java-1.55.0-win32-x64\jre\21.0.11-win32-x86_64\bin\verify.dll
Event: 9.580 Loaded shared library C:\Users\dell\AppData\Roaming\Code\User\globalStorage\redhat.java\1.55.0\config_win\org.eclipse.equinox.launcher\org.eclipse.equinox.launcher.win32.win32.x86_64_1.3.100.v20260613-0559\eclipse_11924.dll
Event: 20.014 Loaded shared library C:\Users\dell\AppData\Local\Temp\jna-3079617\jna5744570970587754948.dll
Event: 5078.534 Loaded shared library C:\Users\dell\.vscode\extensions\redhat.java-1.55.0-win32-x64\jre\21.0.11-win32-x86_64\bin\extnet.dll
Event: 5078.906 Loaded shared library C:\Users\dell\.vscode\extensions\redhat.java-1.55.0-win32-x64\jre\21.0.11-win32-x86_64\bin\sunmscapi.dll

Deoptimization events (20 events):
Event: 7410.048 Thread 0x000002597cab2680 DEOPT PACKING pc=0x00000259696c046c sp=0x000000a2ff9fe850
Event: 7410.049 Thread 0x000002597cab2680 DEOPT UNPACKING pc=0x0000025968906da2 sp=0x000000a2ff9fe800 mode 2
Event: 7410.050 Thread 0x000002597cab2680 Uncommon trap: trap_request=0xffffffbe fr.pc=0x00000259696bf5f8 relative=0x00000000000001d8
Event: 7410.051 Thread 0x000002597cab2680 Uncommon trap: reason=profile_predicate action=maybe_recompile pc=0x00000259696bf5f8 method=org.eclipse.jdt.internal.compiler.util.SimpleSetOfCharArray.asArray([Ljava/lang/Object;)V @ 61 c2
Event: 7410.051 Thread 0x000002597cab2680 DEOPT PACKING pc=0x00000259696bf5f8 sp=0x000000a2ff9fe9f0
Event: 7410.051 Thread 0x000002597cab2680 DEOPT UNPACKING pc=0x0000025968906da2 sp=0x000000a2ff9fe980 mode 2
Event: 7410.063 Thread 0x000002597cab2680 Uncommon trap: trap_request=0xffffffbe fr.pc=0x00000259696bf5f8 relative=0x00000000000001d8
Event: 7410.063 Thread 0x000002597cab2680 Uncommon trap: reason=profile_predicate action=maybe_recompile pc=0x00000259696bf5f8 method=org.eclipse.jdt.internal.compiler.util.SimpleSetOfCharArray.asArray([Ljava/lang/Object;)V @ 61 c2
Event: 7410.064 Thread 0x000002597cab2680 DEOPT PACKING pc=0x00000259696bf5f8 sp=0x000000a2ff9fe8b0
Event: 7410.064 Thread 0x000002597cab2680 DEOPT UNPACKING pc=0x0000025968906da2 sp=0x000000a2ff9fe840 mode 2
Event: 7424.115 Thread 0x000002597ab90b40 Uncommon trap: trap_request=0xffffffbe fr.pc=0x00000259696bf5f8 relative=0x00000000000001d8
Event: 7424.115 Thread 0x000002597ab90b40 Uncommon trap: reason=profile_predicate action=maybe_recompile pc=0x00000259696bf5f8 method=org.eclipse.jdt.internal.compiler.util.SimpleSetOfCharArray.asArray([Ljava/lang/Object;)V @ 61 c2
Event: 7424.115 Thread 0x000002597ab90b40 DEOPT PACKING pc=0x00000259696bf5f8 sp=0x000000a280cfdfc0
Event: 7424.115 Thread 0x000002597ab90b40 DEOPT UNPACKING pc=0x0000025968906da2 sp=0x000000a280cfdf50 mode 2
Event: 7424.123 Thread 0x000002597ab90b40 Uncommon trap: trap_request=0xffffff45 fr.pc=0x00000259698aeb5c relative=0x000000000000021c
Event: 7424.123 Thread 0x000002597ab90b40 Uncommon trap: reason=unstable_if action=reinterpret pc=0x00000259698aeb5c method=org.eclipse.jdt.internal.codeassist.impl.AssistParser.lastIndexOfElement(I)I @ 15 c2
Event: 7424.123 Thread 0x000002597ab90b40 DEOPT PACKING pc=0x00000259698aeb5c sp=0x000000a280cfe370
Event: 7424.124 Thread 0x000002597ab90b40 DEOPT UNPACKING pc=0x0000025968906da2 sp=0x000000a280cfe220 mode 2
Event: 7424.280 Thread 0x000002597ab93930 DEOPT PACKING pc=0x0000025962c60451 sp=0x000000a2810fe6d0
Event: 7424.281 Thread 0x000002597ab93930 DEOPT UNPACKING pc=0x00000259689078e2 sp=0x000000a2810fdd50 mode 0

Classes loaded (20 events):
Event: 5081.156 Loading class java/nio/HeapByteBufferR
Event: 5081.161 Loading class java/nio/HeapByteBufferR done
Event: 5081.699 Loading class sun/security/ssl/PreSharedKeyExtension$PskIdentity
Event: 5081.699 Loading class sun/security/ssl/PreSharedKeyExtension$PskIdentity done
Event: 5081.710 Loading class sun/security/ssl/PreSharedKeyExtension$CHPreSharedKeySpec
Event: 5081.711 Loading class sun/security/ssl/PreSharedKeyExtension$CHPreSharedKeySpec done
Event: 5081.711 Loading class sun/security/ssl/PreSharedKeyExtension$PartialClientHelloMessage
Event: 5081.711 Loading class sun/security/ssl/PreSharedKeyExtension$PartialClientHelloMessage done
Event: 5081.712 Loading class sun/security/ssl/SSLEngineOutputRecord
Event: 5081.719 Loading class sun/security/ssl/SSLEngineOutputRecord done
Event: 5081.719 Loading class sun/security/ssl/SSLEngineOutputRecord$HandshakeFragment
Event: 5081.720 Loading class sun/security/ssl/SSLEngineOutputRecord$HandshakeFragment done
Event: 5081.720 Loading class sun/security/ssl/SSLEngineOutputRecord$HandshakeMemo
Event: 5081.720 Loading class sun/security/ssl/SSLEngineOutputRecord$RecordMemo
Event: 5081.720 Loading class sun/security/ssl/SSLEngineOutputRecord$RecordMemo done
Event: 5081.720 Loading class sun/security/ssl/SSLEngineOutputRecord$HandshakeMemo done
Event: 5081.860 Loading class sun/security/ssl/PreSharedKeyExtension$SHPreSharedKeySpec
Event: 5081.860 Loading class sun/security/ssl/PreSharedKeyExtension$SHPreSharedKeySpec done
Event: 7307.717 Loading class java/nio/channels/CompletionHandler
Event: 7307.728 Loading class java/nio/channels/CompletionHandler done

Classes unloaded (20 events):
Event: 4093.755 Thread 0x000002595be0eb00 Unloading class 0x0000025901014800 'java/lang/invoke/LambdaForm$MH+0x0000025901014800'
Event: 4093.755 Thread 0x000002595be0eb00 Unloading class 0x000002590100d800 'java/lang/invoke/LambdaForm$MH+0x000002590100d800'
Event: 4093.755 Thread 0x000002595be0eb00 Unloading class 0x000002590100d400 'java/lang/invoke/LambdaForm$MH+0x000002590100d400'
Event: 4093.755 Thread 0x000002595be0eb00 Unloading class 0x000002590100d000 'java/lang/invoke/LambdaForm$MH+0x000002590100d000'
Event: 4093.755 Thread 0x000002595be0eb00 Unloading class 0x000002590100cc00 'java/lang/invoke/LambdaForm$MH+0x000002590100cc00'
Event: 4093.755 Thread 0x000002595be0eb00 Unloading class 0x000002590100c800 'java/lang/invoke/LambdaForm$BMH+0x000002590100c800'
Event: 4093.755 Thread 0x000002595be0eb00 Unloading class 0x000002590100c000 'java/lang/invoke/LambdaForm$DMH+0x000002590100c000'
Event: 4093.755 Thread 0x000002595be0eb00 Unloading class 0x0000025901008c00 'java/lang/invoke/LambdaForm$MH+0x0000025901008c00'
Event: 4093.755 Thread 0x000002595be0eb00 Unloading class 0x0000025901008800 'java/lang/invoke/LambdaForm$MH+0x0000025901008800'
Event: 4093.755 Thread 0x000002595be0eb00 Unloading class 0x0000025901008400 'java/lang/invoke/LambdaForm$MH+0x0000025901008400'
Event: 4093.755 Thread 0x000002595be0eb00 Unloading class 0x0000025901007000 'java/lang/invoke/LambdaForm$MH+0x0000025901007000'
Event: 4093.755 Thread 0x000002595be0eb00 Unloading class 0x0000025901006800 'java/lang/invoke/LambdaForm$MH+0x0000025901006800'
Event: 4093.755 Thread 0x000002595be0eb00 Unloading class 0x0000025901006400 'java/lang/invoke/LambdaForm$MH+0x0000025901006400'
Event: 4093.755 Thread 0x000002595be0eb00 Unloading class 0x0000025901006000 'java/lang/invoke/LambdaForm$MH+0x0000025901006000'
Event: 4093.755 Thread 0x000002595be0eb00 Unloading class 0x0000025901005c00 'java/lang/invoke/LambdaForm$BMH+0x0000025901005c00'
Event: 4093.755 Thread 0x000002595be0eb00 Unloading class 0x0000025901004800 'java/lang/invoke/LambdaForm$DMH+0x0000025901004800'
Event: 4093.755 Thread 0x000002595be0eb00 Unloading class 0x0000025901002800 'java/lang/invoke/LambdaForm$MH+0x0000025901002800'
Event: 4093.755 Thread 0x000002595be0eb00 Unloading class 0x0000025901002400 'java/lang/invoke/LambdaForm$MH+0x0000025901002400'
Event: 4093.755 Thread 0x000002595be0eb00 Unloading class 0x0000025901002000 'java/lang/invoke/LambdaForm$MH+0x0000025901002000'
Event: 4093.755 Thread 0x000002595be0eb00 Unloading class 0x0000025901001800 'java/lang/invoke/LambdaForm$MH+0x0000025901001800'

Classes redefined (0 events):
No events

Internal exceptions (20 events):
Event: 7410.008 Thread 0x000002597cab2680 Exception <a 'java/lang/NullPointerException'{0x00000000d5651808}> (0x00000000d5651808) 
thrown [s\src\hotspot\share\interpreter\linkResolver.cpp, line 1372]
Event: 7410.009 Thread 0x000002597cab2680 Exception <a 'java/lang/NullPointerException'{0x00000000d5651d98}> (0x00000000d5651d98) 
thrown [s\src\hotspot\share\interpreter\linkResolver.cpp, line 1372]
Event: 7410.010 Thread 0x000002597cab2680 Exception <a 'java/lang/NullPointerException'{0x00000000d5661470}> (0x00000000d5661470) 
thrown [s\src\hotspot\share\interpreter\linkResolver.cpp, line 1372]
Event: 7410.011 Thread 0x000002597cab2680 Exception <a 'java/lang/NullPointerException'{0x00000000d56641d8}> (0x00000000d56641d8) 
thrown [s\src\hotspot\share\interpreter\linkResolver.cpp, line 1372]
Event: 7410.011 Thread 0x000002597cab2680 Exception <a 'java/lang/NullPointerException'{0x00000000d5664690}> (0x00000000d5664690) 
thrown [s\src\hotspot\share\interpreter\linkResolver.cpp, line 1372]
Event: 7424.113 Thread 0x000002597ab90b40 Exception <a 'java/lang/NullPointerException'{0x00000000d55afeb8}> (0x00000000d55afeb8) 
thrown [s\src\hotspot\share\interpreter\linkResolver.cpp, line 1372]
Event: 7424.124 Thread 0x000002597ab90b40 Exception <a 'java/lang/NullPointerException'{0x00000000d568da90}> (0x00000000d568da90) 
thrown [s\src\hotspot\share\interpreter\linkResolver.cpp, line 1372]
Event: 7424.124 Thread 0x000002597ab90b40 Exception <a 'java/lang/NullPointerException'{0x00000000d568df60}> (0x00000000d568df60) 
thrown [s\src\hotspot\share\interpreter\linkResolver.cpp, line 1372]
Event: 7424.318 Thread 0x000002597ab90b40 Exception <a 'java/lang/NullPointerException'{0x00000000d5709df0}> (0x00000000d5709df0) 
thrown [s\src\hotspot\share\interpreter\linkResolver.cpp, line 1372]
Event: 7424.334 Thread 0x000002597ab90b40 Exception <a 'java/lang/NullPointerException'{0x00000000d55e5ea0}> (0x00000000d55e5ea0) 
thrown [s\src\hotspot\share\interpreter\linkResolver.cpp, line 1372]
Event: 7424.334 Thread 0x000002597ab90b40 Exception <a 'java/lang/NullPointerException'{0x00000000d55e6370}> (0x00000000d55e6370) 
thrown [s\src\hotspot\share\interpreter\linkResolver.cpp, line 1372]
Event: 7441.364 Thread 0x000002597ab90b40 Exception <a 'java/lang/NullPointerException'{0x00000000d597bb00}> (0x00000000d597bb00) 
thrown [s\src\hotspot\share\interpreter\linkResolver.cpp, line 1372]
Event: 7443.564 Thread 0x000002597ab90b40 Exception <a 'java/lang/NullPointerException'{0x00000000d5655ab8}> (0x00000000d5655ab8) 
thrown [s\src\hotspot\share\interpreter\linkResolver.cpp, line 1372]
Event: 7467.296 Thread 0x000002597c269550 Exception <a 'sun/nio/fs/WindowsException'{0x00000000d561d180}> (0x00000000d561d180) 
thrown [s\src\hotspot\share\prims\jni.cpp, line 520]
Event: 7467.303 Thread 0x000002597c269550 Exception <a 'sun/nio/fs/WindowsException'{0x00000000d561dca8}> (0x00000000d561dca8) 
thrown [s\src\hotspot\share\prims\jni.cpp, line 520]
Event: 7467.310 Thread 0x000002597c269550 Exception <a 'sun/nio/fs/WindowsException'{0x00000000d561f668}> (0x00000000d561f668) 
thrown [s\src\hotspot\share\prims\jni.cpp, line 520]
Event: 7467.310 Thread 0x000002597c269550 Exception <a 'sun/nio/fs/WindowsException'{0x00000000d56201b8}> (0x00000000d56201b8) 
thrown [s\src\hotspot\share\prims\jni.cpp, line 520]
Event: 7467.335 Thread 0x000002597c269550 Exception <a 'sun/nio/fs/WindowsException'{0x00000000d5623b48}> (0x00000000d5623b48) 
thrown [s\src\hotspot\share\prims\jni.cpp, line 520]
Event: 7467.336 Thread 0x000002597c269550 Exception <a 'sun/nio/fs/WindowsException'{0x00000000d56248c8}> (0x00000000d56248c8) 
thrown [s\src\hotspot\share\prims\jni.cpp, line 520]
Event: 7497.854 Thread 0x000002597ab904b0 Exception <a 'java/lang/NullPointerException'{0x00000000d58fa348}> (0x00000000d58fa348) 
thrown [s\src\hotspot\share\interpreter\linkResolver.cpp, line 1372]

ZGC Phase Switch (0 events):
No events

VM Operations (20 events):
Event: 7498.248 Executing safepoint VM operation: ParallelGCFailedAllocation (Allocation Failure)
Event: 7498.253 Executing safepoint VM operation: ParallelGCFailedAllocation (Allocation Failure) done
Event: 7499.254 Executing safepoint VM operation: Cleanup
Event: 7499.254 Executing safepoint VM operation: Cleanup done
Event: 7506.186 Executing safepoint VM operation: ParallelGCFailedAllocation (Allocation Failure)
Event: 7506.191 Executing safepoint VM operation: ParallelGCFailedAllocation (Allocation Failure) done
Event: 7517.197 Executing safepoint VM operation: Cleanup
Event: 7517.197 Executing safepoint VM operation: Cleanup done
Event: 7517.892 Executing non-safepoint VM operation: HandshakeAllThreads (HandshakeForDeflation)
Event: 7517.892 Executing non-safepoint VM operation: HandshakeAllThreads (HandshakeForDeflation) done
Event: 7517.892 Executing non-safepoint VM operation: RendezvousGCThreads
Event: 7517.892 Executing non-safepoint VM operation: RendezvousGCThreads done
Event: 7519.893 Executing safepoint VM operation: Cleanup
Event: 7519.893 Executing safepoint VM operation: Cleanup done
Event: 7527.923 Executing safepoint VM operation: Cleanup
Event: 7527.923 Executing safepoint VM operation: Cleanup done
Event: 7577.976 Executing non-safepoint VM operation: HandshakeAllThreads (HandshakeForDeflation)
Event: 7577.978 Executing non-safepoint VM operation: HandshakeAllThreads (HandshakeForDeflation) done
Event: 7577.978 Executing non-safepoint VM operation: RendezvousGCThreads
Event: 7577.978 Executing non-safepoint VM operation: RendezvousGCThreads done

Memory protections (0 events):
No events

Nmethod flushes (20 events):
Event: 4095.527 Thread 0x000002595be0eb00 flushing  nmethod 0x000002596357c610
Event: 4095.527 Thread 0x000002595be0eb00 flushing  nmethod 0x000002596358a990
Event: 4095.527 Thread 0x000002595be0eb00 flushing  nmethod 0x0000025963592190
Event: 4095.527 Thread 0x000002595be0eb00 flushing osr nmethod 0x00000259635e7610
Event: 4095.528 Thread 0x000002595be0eb00 flushing  nmethod 0x00000259635fbb10
Event: 4095.528 Thread 0x000002595be0eb00 flushing  nmethod 0x00000259635fd610
Event: 4095.528 Thread 0x000002595be0eb00 flushing  nmethod 0x0000025963619910
Event: 4095.528 Thread 0x000002595be0eb00 flushing  nmethod 0x0000025963643a10
Event: 4095.528 Thread 0x000002595be0eb00 flushing  nmethod 0x000002596366e910
Event: 4095.528 Thread 0x000002595be0eb00 flushing  nmethod 0x0000025963682a90
Event: 4095.528 Thread 0x000002595be0eb00 flushing  nmethod 0x00000259636d8110
Event: 4095.528 Thread 0x000002595be0eb00 flushing  nmethod 0x0000025963711210
Event: 4095.528 Thread 0x000002595be0eb00 flushing  nmethod 0x0000025963711810
Event: 4095.528 Thread 0x000002595be0eb00 flushing  nmethod 0x000002596371cb90
Event: 4095.528 Thread 0x000002595be0eb00 flushing  nmethod 0x000002596371dd90
Event: 4095.528 Thread 0x000002595be0eb00 flushing  nmethod 0x0000025963736990
Event: 4095.528 Thread 0x000002595be0eb00 flushing  nmethod 0x000002596373dd10
Event: 4095.528 Thread 0x000002595be0eb00 flushing  nmethod 0x0000025963743c10
Event: 4095.528 Thread 0x000002595be0eb00 flushing osr nmethod 0x0000025963767d90
Event: 4095.528 Thread 0x000002595be0eb00 flushing  nmethod 0x000002596389ec10

Events (20 events):
Event: 7190.953 Thread 0x000002597c268ec0 Thread added: 0x000002597ab8f790
Event: 7203.211 Thread 0x000002597ab91860 Thread added: 0x000002597ab96090
Event: 7203.264 Thread 0x000002597ab96090 Thread added: 0x000002597ab96720
Event: 7248.239 Thread 0x000002597ab92580 Thread exited: 0x000002597ab92580
Event: 7248.320 Thread 0x000002597c268ec0 Thread added: 0x000002597ab94650
Event: 7366.302 Thread 0x000002597ab96720 Thread added: 0x000002597ab93930
Event: 7368.556 Thread 0x000002597ab91ef0 Thread exited: 0x000002597ab91ef0
Event: 7374.947 Thread 0x000002597c268ec0 Thread added: 0x000002597ab94ce0
Event: 7467.221 Thread 0x000002597c269550 Thread added: 0x000002597ab95370
Event: 7467.236 Thread 0x000002597ab95370 Thread exited: 0x000002597ab95370
Event: 7467.340 Thread 0x000002597c269550 Thread added: 0x000002597ab95370
Event: 7467.345 Thread 0x000002597ab95370 Thread added: 0x000002597ab95a00
Event: 7467.348 Thread 0x000002597ab95370 Thread added: 0x000002597ab92580
Event: 7467.349 Thread 0x000002597ab92580 Thread exited: 0x000002597ab92580
Event: 7467.349 Thread 0x000002597ab95370 Thread exited: 0x000002597ab95370
Event: 7467.349 Thread 0x000002597ab95a00 Thread exited: 0x000002597ab95a00
Event: 7467.792 Thread 0x000002597ab94ce0 Thread exited: 0x000002597ab94ce0
Event: 7579.412 Thread 0x000002597ab904b0 Thread exited: 0x000002597ab904b0
Event: 7587.668 Thread 0x000002597c269550 Thread exited: 0x000002597c269550
Event: 7639.431 Thread 0x000002597ab90b40 Thread exited: 0x000002597ab90b40


Dynamic libraries:
0x00007ff61fc10000 - 0x00007ff61fc1e000 	c:\Users\dell\.vscode\extensions\redhat.java-1.55.0-win32-x64\jre\21.0.11-win32-x86_64\bin\java.exe
0x00007ffe2e120000 - 0x00007ffe2e386000 	C:\WINDOWS\SYSTEM32\ntdll.dll
0x00007ffe2d470000 - 0x00007ffe2d539000 	C:\WINDOWS\System32\KERNEL32.DLL
0x00007ffe2b830000 - 0x00007ffe2bc30000 	C:\WINDOWS\System32\KERNELBASE.dll
0x00007ffe2bcf0000 - 0x00007ffe2be3c000 	C:\WINDOWS\System32\ucrtbase.dll
0x00007ffe25b90000 - 0x00007ffe25ba8000 	c:\Users\dell\.vscode\extensions\redhat.java-1.55.0-win32-x64\jre\21.0.11-win32-x86_64\bin\jli.dll
0x00007ffe2c6b0000 - 0x00007ffe2c877000 	C:\WINDOWS\System32\USER32.dll
0x00007ffe2b610000 - 0x00007ffe2b637000 	C:\WINDOWS\System32\win32u.dll
0x00007ffe2db40000 - 0x00007ffe2db6b000 	C:\WINDOWS\System32\GDI32.dll
0x00007ffe2b700000 - 0x00007ffe2b829000 	C:\WINDOWS\System32\gdi32full.dll
0x00007ffe2bc40000 - 0x00007ffe2bce3000 	C:\WINDOWS\System32\msvcp_win.dll
0x00007ffe041f0000 - 0x00007ffe0420e000 	c:\Users\dell\.vscode\extensions\redhat.java-1.55.0-win32-x64\jre\21.0.11-win32-x86_64\bin\VCRUNTIME140.dll
0x00007ffe0da70000 - 0x00007ffe0dd02000 	C:\WINDOWS\WinSxS\amd64_microsoft.windows.common-controls_6595b64144ccf1df_6.0.26100.8737_none_3e092eaee333b772\COMCTL32.dll
0x00007ffe2c450000 - 0x00007ffe2c4f9000 	C:\WINDOWS\System32\msvcrt.dll
0x00007ffe2dc10000 - 0x00007ffe2dc42000 	C:\WINDOWS\System32\IMM32.DLL
0x00007ffe13e80000 - 0x00007ffe13e8c000 	c:\Users\dell\.vscode\extensions\redhat.java-1.55.0-win32-x64\jre\21.0.11-win32-x86_64\bin\vcruntime140_1.dll
0x00007ffe04160000 - 0x00007ffe041ed000 	c:\Users\dell\.vscode\extensions\redhat.java-1.55.0-win32-x64\jre\21.0.11-win32-x86_64\bin\msvcp140.dll
0x00007ffdb5240000 - 0x00007ffdb5fe2000 	c:\Users\dell\.vscode\extensions\redhat.java-1.55.0-win32-x64\jre\21.0.11-win32-x86_64\bin\server\jvm.dll
0x00007ffe2d3b0000 - 0x00007ffe2d467000 	C:\WINDOWS\System32\ADVAPI32.dll
0x00007ffe2cb60000 - 0x00007ffe2cc0a000 	C:\WINDOWS\System32\sechost.dll
0x00007ffe2c590000 - 0x00007ffe2c6a8000 	C:\WINDOWS\System32\RPCRT4.dll
0x00007ffe2c500000 - 0x00007ffe2c580000 	C:\WINDOWS\System32\WS2_32.dll
0x00007ffe2b1c0000 - 0x00007ffe2b21e000 	C:\WINDOWS\SYSTEM32\POWRPROF.dll
0x00007ffe23760000 - 0x00007ffe23796000 	C:\WINDOWS\SYSTEM32\WINMM.dll
0x00007ffe1d790000 - 0x00007ffe1d79b000 	C:\WINDOWS\SYSTEM32\VERSION.dll
0x00007ffe2b1a0000 - 0x00007ffe2b1b4000 	C:\WINDOWS\SYSTEM32\UMPDC.dll
0x00007ffe2a000000 - 0x00007ffe2a01b000 	C:\WINDOWS\SYSTEM32\kernel.appcore.dll
0x00007ffe136d0000 - 0x00007ffe136da000 	c:\Users\dell\.vscode\extensions\redhat.java-1.55.0-win32-x64\jre\21.0.11-win32-x86_64\bin\jimage.dll
0x00007ffe28820000 - 0x00007ffe28a62000 	C:\WINDOWS\SYSTEM32\DBGHELP.DLL
0x00007ffe2c0c0000 - 0x00007ffe2c443000 	C:\WINDOWS\System32\combase.dll
0x00007ffe2be50000 - 0x00007ffe2bf29000 	C:\WINDOWS\System32\OLEAUT32.dll
0x00007ffe0c1c0000 - 0x00007ffe0c1fb000 	C:\WINDOWS\SYSTEM32\dbgcore.DLL
0x00007ffe2b640000 - 0x00007ffe2b6ec000 	C:\WINDOWS\System32\bcryptPrimitives.dll
0x00007ffe04150000 - 0x00007ffe0415f000 	c:\Users\dell\.vscode\extensions\redhat.java-1.55.0-win32-x64\jre\21.0.11-win32-x86_64\bin\instrument.dll
0x00007ffe04130000 - 0x00007ffe04150000 	c:\Users\dell\.vscode\extensions\redhat.java-1.55.0-win32-x64\jre\21.0.11-win32-x86_64\bin\java.dll
0x00007ffe2cc10000 - 0x00007ffe2d3a2000 	C:\WINDOWS\System32\SHELL32.dll
0x00007ffe28da0000 - 0x00007ffe29632000 	C:\WINDOWS\SYSTEM32\windows.storage.dll
0x00007ffe2c900000 - 0x00007ffe2c9f7000 	C:\WINDOWS\System32\SHCORE.dll
0x00007ffe2db70000 - 0x00007ffe2dbd7000 	C:\WINDOWS\System32\shlwapi.dll
0x00007ffe2b260000 - 0x00007ffe2b289000 	C:\WINDOWS\SYSTEM32\profapi.dll
0x00007ffe04110000 - 0x00007ffe04128000 	c:\Users\dell\.vscode\extensions\redhat.java-1.55.0-win32-x64\jre\21.0.11-win32-x86_64\bin\zip.dll
0x00007ffe04100000 - 0x00007ffe04110000 	C:\Users\dell\.vscode\extensions\redhat.java-1.55.0-win32-x64\jre\21.0.11-win32-x86_64\bin\net.dll
0x00007ffe1bd90000 - 0x00007ffe1beb9000 	C:\WINDOWS\SYSTEM32\WINHTTP.dll
0x00007ffe2a5d0000 - 0x00007ffe2a63c000 	C:\WINDOWS\system32\mswsock.dll
0x00007ffe040e0000 - 0x00007ffe040f6000 	C:\Users\dell\.vscode\extensions\redhat.java-1.55.0-win32-x64\jre\21.0.11-win32-x86_64\bin\nio.dll
0x00007ffe03b20000 - 0x00007ffe03b30000 	c:\Users\dell\.vscode\extensions\redhat.java-1.55.0-win32-x64\jre\21.0.11-win32-x86_64\bin\verify.dll
0x00007ffdd7a30000 - 0x00007ffdd7a75000 	C:\Users\dell\AppData\Roaming\Code\User\globalStorage\redhat.java\1.55.0\config_win\org.eclipse.equinox.launcher\org.eclipse.equinox.launcher.win32.win32.x86_64_1.3.100.v20260613-0559\eclipse_11924.dll
0x00007ffe2d6d0000 - 0x00007ffe2d869000 	C:\WINDOWS\System32\ole32.dll
0x00007ffe2a8d0000 - 0x00007ffe2a8eb000 	C:\WINDOWS\SYSTEM32\CRYPTSP.dll
0x00007ffe29f60000 - 0x00007ffe29f99000 	C:\WINDOWS\system32\rsaenh.dll
0x00007ffe2a690000 - 0x00007ffe2a6c2000 	C:\WINDOWS\SYSTEM32\USERENV.dll
0x00007ffe2b230000 - 0x00007ffe2b25a000 	C:\WINDOWS\SYSTEM32\bcrypt.dll
0x00007ffe2a8f0000 - 0x00007ffe2a8fc000 	C:\WINDOWS\SYSTEM32\CRYPTBASE.dll
0x00007ffe29a50000 - 0x00007ffe29a83000 	C:\WINDOWS\SYSTEM32\IPHLPAPI.DLL
0x00007ffe2ca00000 - 0x00007ffe2ca0a000 	C:\WINDOWS\System32\NSI.dll
0x00007ffdd0970000 - 0x00007ffdd09b9000 	C:\Users\dell\AppData\Local\Temp\jna-3079617\jna5744570970587754948.dll
0x00007ffe2d870000 - 0x00007ffe2d878000 	C:\WINDOWS\System32\PSAPI.DLL
0x00007ffe1d9a0000 - 0x00007ffe1d9bd000 	C:\WINDOWS\SYSTEM32\dhcpcsvc6.DLL
0x00007ffe1d930000 - 0x00007ffe1d955000 	C:\WINDOWS\SYSTEM32\dhcpcsvc.DLL
0x00007ffe29a90000 - 0x00007ffe29be5000 	C:\WINDOWS\SYSTEM32\DNSAPI.dll
0x00007ffe2a3d0000 - 0x00007ffe2a3dd000 	C:\WINDOWS\SYSTEM32\DSPARSE.dll
0x00007ffe1ad70000 - 0x00007ffe1ad7b000 	C:\Windows\System32\rasadhlp.dll
0x00007ffe22ef0000 - 0x00007ffe22f76000 	C:\WINDOWS\System32\fwpuclnt.dll
0x00007ffe27d60000 - 0x00007ffe27d69000 	C:\Users\dell\.vscode\extensions\redhat.java-1.55.0-win32-x64\jre\21.0.11-win32-x86_64\bin\extnet.dll
0x00007ffe1c1d0000 - 0x00007ffe1c1de000 	C:\Users\dell\.vscode\extensions\redhat.java-1.55.0-win32-x64\jre\21.0.11-win32-x86_64\bin\sunmscapi.dll
0x00007ffe2b490000 - 0x00007ffe2b608000 	C:\WINDOWS\System32\CRYPT32.dll
0x00007ffe2ab10000 - 0x00007ffe2ab40000 	C:\WINDOWS\SYSTEM32\ncrypt.dll
0x00007ffe2aac0000 - 0x00007ffe2aaff000 	C:\WINDOWS\SYSTEM32\NTASN1.dll

JVMTI agents:
c:\Users\dell\.vscode\extensions\redhat.java-1.55.0-win32-x64\lombok\lombok-1.18.39-4050.jar path:c:\Users\dell\.vscode\extensions\redhat.java-1.55.0-win32-x64\jre\21.0.11-win32-x86_64\bin\instrument.dll, loaded, initialized, instrumentlib options:none

dbghelp: loaded successfully - version: 4.0.5 - missing functions: none
symbol engine: initialized successfully - sym options: 0x614 - pdb path: .;c:\Users\dell\.vscode\extensions\redhat.java-1.55.0-win32-x64\jre\21.0.11-win32-x86_64\bin;C:\WINDOWS\SYSTEM32;C:\WINDOWS\WinSxS\amd64_microsoft.windows.common-controls_6595b64144ccf1df_6.0.26100.8737_none_3e092eaee333b772;c:\Users\dell\.vscode\extensions\redhat.java-1.55.0-win32-x64\jre\21.0.11-win32-x86_64\bin\server;C:\Users\dell\AppData\Roaming\Code\User\globalStorage\redhat.java\1.55.0\config_win\org.eclipse.equinox.launcher\org.eclipse.equinox.launcher.win32.win32.x86_64_1.3.100.v20260613-0559;C:\Users\dell\AppData\Local\Temp\jna-3079617

VM Arguments:
jvm_args: --add-modules=ALL-SYSTEM --add-opens=java.base/java.util=ALL-UNNAMED --add-opens=java.base/java.lang=ALL-UNNAMED --add-opens=java.base/sun.nio.fs=ALL-UNNAMED -Declipse.application=org.eclipse.jdt.ls.core.id1 -Dosgi.bundles.defaultStartLevel=4 -Declipse.product=org.eclipse.jdt.ls.core.product -Djava.import.generatesMetadataFilesAtProjectRoot=false -DDetectVMInstallationsJob.disabled=true -Dfile.encoding=utf8 -XX:+UseParallelGC -XX:GCTimeRatio=4 -XX:AdaptiveSizePolicyWeight=90 -Dsun.zip.disableMemoryMapping=true -Xmx2G -Xms100m -Xlog:disable -javaagent:c:\Users\dell\.vscode\extensions\redhat.java-1.55.0-win32-x64\lombok\lombok-1.18.39-4050.jar -XX:+HeapDumpOnOutOfMemoryError -XX:HeapDumpPath=c:\Users\dell\AppData\Roaming\Code\User\workspaceStorage\6b09beedab5c242711d4956188aaef4f\redhat.java -Daether.dependencyCollector.impl=bf 
java_command: c:\Users\dell\.vscode\extensions\redhat.java-1.55.0-win32-x64\server\plugins\org.eclipse.equinox.launcher_1.7.200.v20260619-2039.jar -configuration c:\Users\dell\AppData\Roaming\Code\User\globalStorage\redhat.java\1.55.0\config_win -data c:\Users\dell\AppData\Roaming\Code\User\workspaceStorage\6b09beedab5c242711d4956188aaef4f\redhat.java\jdt_ws --pipe=\\.\pipe\lsp-0dafe863571974ee4335884d51e063a9-sock
java_class_path (initial): c:\Users\dell\.vscode\extensions\redhat.java-1.55.0-win32-x64\server\plugins\org.eclipse.equinox.launcher_1.7.200.v20260619-2039.jar
Launcher Type: SUN_STANDARD

[Global flags]
    uintx AdaptiveSizePolicyWeight                 = 90                                        {product} {command line}
     intx CICompilerCount                          = 3                                         {product} {ergonomic}
    uintx GCTimeRatio                              = 4                                         {product} {command line}
     bool HeapDumpOnOutOfMemoryError               = true                                   {manageable} {command line}
    ccstr HeapDumpPath                             = c:\Users\dell\AppData\Roaming\Code\User\workspaceStorage\6b09beedab5c242711d4956188aaef4f\redhat.java         {manageable} {command line}
   size_t InitialHeapSize                          = 104857600                                 {product} {command line}
   size_t MaxHeapSize                              = 2147483648                                {product} {command line}
   size_t MaxNewSize                               = 715653120                                 {product} {ergonomic}
   size_t MinHeapDeltaBytes                        = 524288                                    {product} {ergonomic}
   size_t MinHeapSize                              = 104857600                                 {product} {command line}
   size_t NewSize                                  = 34603008                                  {product} {ergonomic}
    uintx NonNMethodCodeHeapSize                   = 5832780                                {pd product} {ergonomic}
    uintx NonProfiledCodeHeapSize                  = 122912730                              {pd product} {ergonomic}
   size_t OldSize                                  = 70254592                                  {product} {ergonomic}
    uintx ProfiledCodeHeapSize                     = 122912730                              {pd product} {ergonomic}
    uintx ReservedCodeCacheSize                    = 251658240                              {pd product} {ergonomic}
     bool SegmentedCodeCache                       = true                                      {product} {ergonomic}
   size_t SoftMaxHeapSize                          = 2147483648                             {manageable} {ergonomic}
     bool UseCompressedOops                        = true                           {product lp64_product} {ergonomic}
     bool UseLargePagesIndividualAllocation        = false                                  {pd product} {ergonomic}
     bool UseParallelGC                            = true                                      {product} {command line}

Logging:
Log output configuration:
 #0: stdout all=off uptime,level,tags foldmultilines=false
 #1: stderr all=off uptime,level,tags foldmultilines=false

Release file:
JAVA_VERSION="21.0.11" 
MODULES="java.base java.compiler java.datatransfer java.xml java.prefs java.desktop java.instrument java.logging java.management java.security.sasl java.naming java.rmi java.management.rmi java.net.http java.scripting java.security.jgss java.transaction.xa java.sql java.sql.rowset java.xml.crypto java.se java.smartcardio jdk.accessibility jdk.internal.jvmstat jdk.attach jdk.charsets jdk.internal.opt jdk.zipfs jdk.compiler jdk.crypto.ec jdk.crypto.cryptoki jdk.crypto.mscapi jdk.dynalink jdk.internal.ed jdk.editpad jdk.hotspot.agent jdk.httpserver jdk.internal.le jdk.internal.vm.ci jdk.internal.vm.compiler jdk.internal.vm.compiler.management jdk.jartool jdk.javadoc jdk.jcmd jdk.management jdk.management.agent jdk.jconsole jdk.jdeps jdk.jdwp.agent jdk.jdi jdk.jfr jdk.jshell jdk.jsobject jdk.jstatd jdk.localedata jdk.management.jfr jdk.naming.dns jdk.naming.rmi jdk.net jdk.nio.mapmode jdk.random jdk.sctp jdk.security.auth jdk.security.jgss jdk.unsupported jdk.unsupported.desktop jdk.xml.dom" 

Environment Variables:
JAVA_HOME=C:\Program Files\Java\jdk-17
PATH=C:\Program Files\dotnet\;C:\Program Files\Git\cmd;C:\Program Files\Git\mingw64\bin;C:\Program Files\Git\usr\bin;C:\Users\dell\AppData\Local\Programs\Python\Python311\Scripts\;C:\Users\dell\AppData\Local\Programs\Python\Python311\;C:\Users\dell\.dotnet\tools;C:\Program Files\Azure Data Studio\bin;C:\Users\dell\AppData\Local\Programs\Microsoft VS Code\bin;C:\Users\dell\AppData\Local\Microsoft\WindowsApps;C:\Program Files\apache-maven-3.9.16\bin;C:\Program Files\Java\jdk-17\bin;C:\Program Files\MySQL\MySQL Server 8.0\bin;C:\Program Files\Docker\Docker\resources\bin;
USERNAME=dell
OS=Windows_NT
PROCESSOR_IDENTIFIER=Intel64 Family 6 Model 140 Stepping 1, GenuineIntel
TMP=C:\Users\dell\AppData\Local\Temp
TEMP=C:\Users\dell\AppData\Local\Temp




Periodic native trim disabled

---------------  S Y S T E M  ---------------

OS:
 Windows 11 , 64 bit Build 26100 (10.0.26100.8737)
OS uptime: 6 days 17:16 hours
Hyper-V role detected

CPU: total 4 (initial active 4) (2 cores per cpu, 2 threads per core) family 6 model 140 stepping 1 microcode 0xbe, cx8, cmov, fxsr, ht, mmx, 3dnowpref, sse, sse2, sse3, ssse3, sse4.1, sse4.2, popcnt, lzcnt, tsc, tscinvbit, avx, avx2, aes, erms, clmul, bmi1, bmi2, adx, avx512f, avx512dq, avx512cd, avx512bw, avx512vl, sha, fma, vzeroupper, avx512_vpopcntdq, avx512_vpclmulqdq, avx512_vaes, avx512_vnni, clflush, clflushopt, clwb, avx512_vbmi2, avx512_vbmi, hv, rdtscp, rdpid, fsrm, gfni, avx512_bitalg, f16c, cet_ibt, cet_ss, avx512_ifma
Processor Information for the first 4 processors :
  Max Mhz: 2995, Current Mhz: 1797, Mhz Limit: 2995

Memory: 4k page, system-wide physical 7926M (117M free)
TotalPageFile size 32502M (AvailPageFile size 14M)
current process WorkingSet (physical memory assigned to process): 12M, peak: 556M
current process commit charge ("private bytes"): 905M, peak: 1082M

vm_info: OpenJDK 64-Bit Server VM (21.0.11+10-LTS) for windows-amd64 JRE (21.0.11+10-LTS), built on 2026-04-21T00:00:00Z by "admin" with MS VC++ 17.12 (VS2022)

END.
